2026-07-06 07:29:01.484: [INFO] OnDoneLoading sync enabled: 0
2026-07-06 07:29:10.661: [INFO] OnDoneLoading sync enabled: 0
2026-07-06 07:31:09.234: [INFO] OnDoneLoading sync enabled: 0
2026-07-06 07:49:43.050: [INFO] OnDoneLoading sync enabled: 0
2026-07-06 08:13:43.555: [INFO] OnDoneLoading sync enabled: 0
2026-07-06 08:17:30.913: [INFO] OnDoneLoading sync enabled: 0
2026-07-06 08:30:22.468: [INFO] OnDoneLoading sync enabled: 0
2026-07-06 08:32:03.608: [INFO] OnDoneLoading sync enabled: 0
2026-07-06 08:35:36.731: [INFO] OnDoneLoading sync enabled: 0
2026-07-06 08:37:29.094: [INFO] OnDoneLoading sync enabled: 0
2026-07-06 09:15:53.409: [INFO] OnDoneLoading sync enabled: 0
2026-07-07 07:33:01.571: [INFO] OnDoneLoading sync enabled: 0
2026-07-07 08:57:45.254: [INFO] OnDoneLoading sync enabled: 0
2026-07-07 08:57:46.686: [INFO] OnDoneLoading sync enabled: 0
2026-07-07 09:02:23.034: [INFO] OnDoneLoading sync enabled: 0
2026-07-07 09:02:44.433: [INFO] OnDoneLoading sync enabled: 0
2026-07-07 09:04:42.953: [INFO] OnDoneLoading sync enabled: 0
2026-07-07 09:46:39.892: [INFO] OnDoneLoading sync enabled: 0
2026-07-09 04:42:54.602: [INFO] OnDoneLoading sync enabled: 0
2026-07-09 04:54:14.875: [INFO] OnDoneLoading sync enabled: 0
2026-07-10 07:54:26.797: [INFO] OnDoneLoading sync enabled: 0
2026-07-10 07:57:28.404: [INFO] OnDoneLoading sync enabled: 0
2026-07-11 10:58:06.810: [INFO] OnDoneLoading sync enabled: 0
2026-07-11 10:59:34.796: [INFO] OnDoneLoading sync enabled: 0
2026-07-12 09:08:56.378: [INFO] OnDoneLoading sync enabled: 0
2026-07-12 09:49:02.630: [INFO] OnDoneLoading sync enabled: 0
2026-07-12 09:53:06.992: [INFO] OnDoneLoading sync enabled: 0
2026-07-13 07:12:07.841: [INFO] OnDoneLoading sync enabled: 0
2026-07-14 07:02:24.624: [INFO] OnDoneLoading sync enabled: 0
2026-07-14 07:25:38.707: [INFO] OnDoneLoading sync enabled: 0
2026-07-14 07:42:25.054: [INFO] OnDoneLoading sync enabled: 0
2026-07-15 04:36:26.687: [INFO] OnDoneLoading sync enabled: 0
2026-07-15 08:41:43.205: [INFO] OnDoneLoading sync enabled: 0
2026-07-15 08:46:12.377: [INFO] OnDoneLoading sync enabled: 0
2026-07-15 08:46:25.781: [INFO] OnDoneLoading sync enabled: 0
2026-07-15 09:12:22.704: [INFO] OnDoneLoading sync enabled: 0
2026-07-15 09:20:16.728: [INFO] OnDoneLoading sync enabled: 0
2026-07-15 09:21:51.035: [INFO] OnDoneLoading sync enabled: 0
2026-07-15 09:22:30.258: [INFO] OnDoneLoading sync enabled: 0
2026-07-15 09:23:40.048: [INFO] OnDoneLoading sync enabled: 0
2026-07-15 09:24:08.438: [INFO] OnDoneLoading sync enabled: 0
2026-07-15 10:11:31.521: [INFO] OnDoneLoading sync enabled: 0
2026-07-16 07:14:39.553: [INFO] OnDoneLoading sync enabled: 0
2026-07-18 04:03:15.132: [INFO] OnDoneLoading sync enabled: 0
2026-07-18 07:47:51.814: [INFO] OnDoneLoading sync enabled: 0
2026-07-18 09:03:12.399: [INFO] OnDoneLoading sync enabled: 0
2026-07-19 11:32:43.313: [INFO] OnDoneLoading sync enabled: 0
2026-07-19 12:57:29.409: [INFO] OnDoneLoading sync enabled: 0
2026-07-19 13:00:52.068: [INFO] OnDoneLoading sync enabled: 0
2026-07-19 13:49:40.040: [INFO] OnDoneLoading sync enabled: 0
2026-07-19 13:56:04.962: [INFO] OnDoneLoading sync enabled: 0
2026-07-19 13:56:38.390: [INFO] OnDoneLoading sync enabled: 0
2026-07-19 13:56:43.034: [INFO] OnDoneLoading sync enabled: 0
2026-07-19 14:00:29.247: [INFO] OnDoneLoading sync enabled: 0
2026-07-19 14:09:07.043: [INFO] OnDoneLoading sync enabled: 0
2026-07-19 14:19:59.436: [INFO] OnDoneLoading sync enabled: 0
2026-07-19 14:20:45.061: [INFO] OnDoneLoading sync enabled: 0
2026-07-20 08:17:40.265: [INFO] OnDoneLoading sync enabled: 0
2026-07-20 10:42:36.010: [INFO] OnDoneLoading sync enabled: 0
2026-07-20 12:40:49.941: [INFO] OnDoneLoading sync enabled: 0
2026-07-20 12:44:55.066: [INFO] OnDoneLoading sync enabled: 0
2026-07-20 13:02:33.780: [INFO] OnDoneLoading sync enabled: 0
2026-07-20 13:03:51.593: [INFO] OnDoneLoading sync enabled: 0
2026-07-20 13:05:45.384: [INFO] OnDoneLoading sync enabled: 0
2026-07-20 13:07:24.978: [INFO] OnDoneLoading sync enabled: 0
2026-07-21 07:39:57.047: [INFO] OnDoneLoading sync enabled: 0
2026-07-21 07:45:28.945: [INFO] OnDoneLoading sync enabled: 0
2026-07-21 07:49:19.209: [INFO] OnDoneLoading sync enabled: 0
2026-07-21 08:03:27.324: [INFO] OnDoneLoading sync enabled: 0
2026-07-21 08:07:30.730: [INFO] OnDoneLoading sync enabled: 0
2026-07-21 09:17:48.569: [INFO] OnDoneLoading sync enabled: 0
2026-07-22 07:29:45.079: [INFO] OnDoneLoading sync enabled: 0
2026-07-22 07:37:08.540: [INFO] OnDoneLoading sync enabled: 0
2026-07-23 08:42:03.341: [INFO] OnDoneLoading sync enabled: 0
2026-07-24 07:44:01.539: [INFO] OnDoneLoading sync enabled: 0
2026-07-24 08:09:07.151: [INFO] OnDoneLoading sync enabled: 0
2026-07-24 08:12:06.760: [INFO] OnDoneLoading sync enabled: 0
2026-07-24 08:16:43.032: [INFO] OnDoneLoading sync enabled: 0
2026-07-24 08:20:35.308: [INFO] OnDoneLoading sync enabled: 0
2026-07-24 08:32:55.985: [INFO] OnDoneLoading sync enabled: 0
2026-07-24 08:36:36.512: [INFO] OnDoneLoading sync enabled: 0
2026-07-24 08:37:43.475: [INFO] OnDoneLoading sync enabled: 0
2026-07-24 08:43:08.158: [INFO] OnDoneLoading sync enabled: 0
2026-07-24 08:43:30.838: [INFO] OnDoneLoading sync enabled: 0
2026-07-24 08:50:03.732: [INFO] OnDoneLoading sync enabled: 0
2026-07-24 08:55:15.245: [INFO] OnDoneLoading sync enabled: 0
2026-07-25 11:47:29.964: [INFO] OnDoneLoading sync enabled: 0
2026-07-25 11:48:08.219: [INFO] OnDoneLoading sync enabled: 0
2026-07-25 11:53:00.756: [INFO] OnDoneLoading sync enabled: 0
2026-07-25 11:53:30.982: [INFO] OnDoneLoading sync enabled: 0
2026-07-25 12:36:18.036: [INFO] OnDoneLoading sync enabled: 0
2026-07-25 12:43:29.023: [INFO] OnDoneLoading sync enabled: 0
2026-07-25 12:43:51.418: [INFO] OnDoneLoading sync enabled: 0
2026-07-25 12:44:07.814: [INFO] OnDoneLoading sync enabled: 0
2026-07-25 12:44:38.541: [INFO] OnDoneLoading sync enabled: 0
2026-07-26 10:51:55.360: [INFO] OnDoneLoading sync enabled: 0
2026-07-27 08:37:40.449: [INFO] OnDoneLoading sync enabled: 0
2026-07-27 08:46:47.426: [INFO] OnDoneLoading sync enabled: 0
2026-07-27 08:47:07.872: [INFO] OnDoneLoading sync enabled: 0
2026-07-27 08:56:42.300: [INFO] OnDoneLoading sync enabled: 0
2026-07-27 08:59:37.865: [INFO] OnDoneLoading sync enabled: 0
2026-07-27 09:01:02.879: [INFO] OnDoneLoading sync enabled: 0
2026-07-27 09:03:21.793: [INFO] OnDoneLoading sync enabled: 0
2026-07-28 05:52:04.419: [INFO] OnDoneLoading sync enabled: 0
2026-07-28 06:20:34.690: [INFO] OnDoneLoading sync enabled: 0
2026-07-28 06:20:54.989: [INFO] OnDoneLoading sync enabled: 0
2026-07-28 06:21:33.915: [INFO] OnDoneLoading sync enabled: 0
2026-07-28 06:22:15.396: [INFO] OnDoneLoading sync enabled: 0
2026-07-29 08:27:20.001: [INFO] OnDoneLoading sync enabled: 0
2026-07-29 08:35:56.928: [INFO] OnDoneLoading sync enabled: 0
2026-07-29 10:15:41.474: [INFO] OnDoneLoading sync enabled: 0
2026-07-30 09:50:44.828: [INFO] OnDoneLoading sync enabled: 0
2026-07-31 11:05:07.248: [INFO] OnDoneLoading sync enabled: 0
2026-07-31 12:42:21.761: [INFO] OnDoneLoading sync enabled: 0
2026-07-31 13:19:12.768: [INFO] OnDoneLoading sync enabled: 0
2026-07-31 13:23:57.223: [INFO] OnDoneLoading sync enabled: 0
2026-07-31 13:32:06.450: [INFO] OnDoneLoading sync enabled: 0
2026-07-31 13:36:18.937: [INFO] OnDoneLoading sync enabled: 0
2026-07-31 15:49:27.469: [INFO] OnDoneLoading sync enabled: 0
2026-08-01 10:34:19.136: [INFO] OnDoneLoading sync enabled: 0
2026-08-02 09:09:28.933: [INFO] OnDoneLoading sync enabled: 0
2026-08-03 17:13:42.887: [INFO] OnDoneLoading sync enabled: 0
2026-08-04 04:48:40.146: [INFO] OnDoneLoading sync enabled: 0
2026-08-05 11:35:25.393: [INFO] CurrentProfilePath: C:\Users\91636\Spring-workspace\.metadata\.plugins\org.eclipse.swt\EBWebView\Default
2026-08-05 11:35:25.393: [INFO] Profiles total count: 1
2026-08-05 11:35:25.393: [INFO] Profile: name=Profile 1 path=C:\Users\91636\Spring-workspace\.metadata\.plugins\org.eclipse.swt\EBWebView\Default lastActive=2026-08-04T12:27:37.367Z
2026-08-05 11:35:25.393: [INFO] LastUsedProfileDir: C:\Users\91636\Spring-workspace\.metadata\.plugins\org.eclipse.swt\EBWebView\Default
2026-08-05 11:35:25.393: [INFO] MostRecentlyActiveProfile: name=Profile 1 path=C:\Users\91636\Spring-workspace\.metadata\.plugins\org.eclipse.swt\EBWebView\Default lastActive=2026-08-04T12:27:37.367Z
2026-08-05 11:35:25.393: [INFO] OnDoneLoading sync enabled: 0
2026-08-05 11:35:25.393: [INFO] BookmarkModelLoaded, ids_reassigned: 0
2026-08-05 11:35:25.393: [INFO] BookmarksLoadDropped droppedNodes=0
2026-08-05 11:35:25.393: [INFO] BookmarksSnapshot Startup total=0 bar=0 other=0 mobile=0 showBar=0 showBarNTP=1
2026-08-05 11:37:05.107: [INFO] BookmarksSnapshot Shutdown total=0 bar=0 other=0 mobile=0 showBar=0 showBarNTP=1
2026-08-05 13:31:48.216: [INFO] CurrentProfilePath: C:\Users\91636\Spring-workspace\.metadata\.plugins\org.eclipse.swt\EBWebView\Default
2026-08-05 13:31:48.216: [INFO] Profiles total count: 1
2026-08-05 13:31:48.216: [INFO] Profile: name=Profile 1 path=C:\Users\91636\Spring-workspace\.metadata\.plugins\org.eclipse.swt\EBWebView\Default lastActive=2026-08-05T11:37:04.760Z
2026-08-05 13:31:48.216: [INFO] LastUsedProfileDir: C:\Users\91636\Spring-workspace\.metadata\.plugins\org.eclipse.swt\EBWebView\Default
2026-08-05 13:31:48.216: [INFO] MostRecentlyActiveProfile: name=Profile 1 path=C:\Users\91636\Spring-workspace\.metadata\.plugins\org.eclipse.swt\EBWebView\Default lastActive=2026-08-05T11:37:04.760Z
2026-08-05 13:31:48.216: [INFO] OnDoneLoading sync enabled: 0
2026-08-05 13:31:48.216: [INFO] BookmarkModelLoaded, ids_reassigned: 0
2026-08-05 13:31:48.216: [INFO] BookmarksLoadDropped droppedNodes=0
2026-08-05 13:31:48.216: [INFO] BookmarksSnapshot Startup total=0 bar=0 other=0 mobile=0 showBar=0 showBarNTP=1
2026-08-05 13:31:53.821: [INFO] BookmarksSnapshot Shutdown total=0 bar=0 other=0 mobile=0 showBar=0 showBarNTP=1
2026-08-05 13:32:04.669: [INFO] CurrentProfilePath: C:\Users\91636\Spring-workspace\.metadata\.plugins\org.eclipse.swt\EBWebView\Default
2026-08-05 13:32:04.669: [INFO] Profiles total count: 1
2026-08-05 13:32:04.670: [INFO] Profile: name=Profile 1 path=C:\Users\91636\Spring-workspace\.metadata\.plugins\org.eclipse.swt\EBWebView\Default lastActive=2026-08-05T11:37:04.760Z
2026-08-05 13:32:04.670: [INFO] LastUsedProfileDir: C:\Users\91636\Spring-workspace\.metadata\.plugins\org.eclipse.swt\EBWebView\Default
2026-08-05 13:32:04.670: [INFO] MostRecentlyActiveProfile: name=Profile 1 path=C:\Users\91636\Spring-workspace\.metadata\.plugins\org.eclipse.swt\EBWebView\Default lastActive=2026-08-05T11:37:04.760Z
2026-08-05 13:32:04.670: [INFO] OnDoneLoading sync enabled: 0
2026-08-05 13:32:04.670: [INFO] BookmarkModelLoaded, ids_reassigned: 0
2026-08-05 13:32:04.670: [INFO] BookmarksLoadDropped droppedNodes=0
2026-08-05 13:32:04.670: [INFO] BookmarksSnapshot Startup total=0 bar=0 other=0 mobile=0 showBar=0 showBarNTP=1
2026-08-05 13:32:07.559: [INFO] BookmarksSnapshot Shutdown total=0 bar=0 other=0 mobile=0 showBar=0 showBarNTP=1
2026-08-05 13:32:31.013: [INFO] CurrentProfilePath: C:\Users\91636\Spring-workspace\.metadata\.plugins\org.eclipse.swt\EBWebView\Default
2026-08-05 13:32:31.013: [INFO] Profiles total count: 1
2026-08-05 13:32:31.014: [INFO] Profile: name=Profile 1 path=C:\Users\91636\Spring-workspace\.metadata\.plugins\org.eclipse.swt\EBWebView\Default lastActive=2026-08-05T11:37:04.760Z
2026-08-05 13:32:31.014: [INFO] LastUsedProfileDir: C:\Users\91636\Spring-workspace\.metadata\.plugins\org.eclipse.swt\EBWebView\Default
2026-08-05 13:32:31.014: [INFO] MostRecentlyActiveProfile: name=Profile 1 path=C:\Users\91636\Spring-workspace\.metadata\.plugins\org.eclipse.swt\EBWebView\Default lastActive=2026-08-05T11:37:04.760Z
2026-08-05 13:32:31.014: [INFO] OnDoneLoading sync enabled: 0
2026-08-05 13:32:31.014: [INFO] BookmarkModelLoaded, ids_reassigned: 0
2026-08-05 13:32:31.014: [INFO] BookmarksLoadDropped droppedNodes=0
2026-08-05 13:32:31.014: [INFO] BookmarksSnapshot Startup total=0 bar=0 other=0 mobile=0 showBar=0 showBarNTP=1
2026-08-05 13:32:45.804: [INFO] BookmarksSnapshot Shutdown total=0 bar=0 other=0 mobile=0 showBar=0 showBarNTP=1
2026-08-05 16:14:38.763: [INFO] CurrentProfilePath: C:\Users\91636\Spring-workspace\.metadata\.plugins\org.eclipse.swt\EBWebView\Default
2026-08-05 16:14:38.763: [INFO] Profiles total count: 1
2026-08-05 16:14:38.765: [INFO] Profile: name=Profile 1 path=C:\Users\91636\Spring-workspace\.metadata\.plugins\org.eclipse.swt\EBWebView\Default lastActive=2026-08-05T11:37:04.760Z
2026-08-05 16:14:38.765: [INFO] LastUsedProfileDir: C:\Users\91636\Spring-workspace\.metadata\.plugins\org.eclipse.swt\EBWebView\Default
2026-08-05 16:14:38.765: [INFO] MostRecentlyActiveProfile: name=Profile 1 path=C:\Users\91636\Spring-workspace\.metadata\.plugins\org.eclipse.swt\EBWebView\Default lastActive=2026-08-05T11:37:04.760Z
2026-08-05 16:14:38.765: [INFO] OnDoneLoading sync enabled: 0
2026-08-05 16:14:38.765: [INFO] BookmarkModelLoaded, ids_reassigned: 0
2026-08-05 16:14:38.765: [INFO] BookmarksLoadDropped droppedNodes=0
2026-08-05 16:14:38.765: [INFO] BookmarksSnapshot Startup total=0 bar=0 other=0 mobile=0 showBar=0 showBarNTP=1
2026-08-05 17:52:21.591: [INFO] BookmarksSnapshot Shutdown total=0 bar=0 other=0 mobile=0 showBar=0 showBarNTP=1
2026-08-07 08:03:39.247: [INFO] CurrentProfilePath: C:\Users\91636\Spring-workspace\.metadata\.plugins\org.eclipse.swt\EBWebView\Default
2026-08-07 08:03:39.247: [INFO] Profiles total count: 1
2026-08-07 08:03:39.247: [INFO] Profile: name=Profile 1 path=C:\Users\91636\Spring-workspace\.metadata\.plugins\org.eclipse.swt\EBWebView\Default lastActive=2026-08-05T11:37:04.760Z
2026-08-07 08:03:39.247: [INFO] LastUsedProfileDir: C:\Users\91636\Spring-workspace\.metadata\.plugins\org.eclipse.swt\EBWebView\Default
2026-08-07 08:03:39.247: [INFO] MostRecentlyActiveProfile: name=Profile 1 path=C:\Users\91636\Spring-workspace\.metadata\.plugins\org.eclipse.swt\EBWebView\Default lastActive=2026-08-05T11:37:04.760Z
2026-08-07 08:03:39.247: [INFO] OnDoneLoading sync enabled: 0
2026-08-07 08:03:39.247: [INFO] BookmarkModelLoaded, ids_reassigned: 0
2026-08-07 08:03:39.247: [INFO] BookmarksLoadDropped droppedNodes=0
2026-08-07 08:03:39.247: [INFO] BookmarksSnapshot Startup total=0 bar=0 other=0 mobile=0 showBar=0 showBarNTP=1
2026-08-07 08:05:04.687: [INFO] BookmarksSnapshot Shutdown total=0 bar=0 other=0 mobile=0 showBar=0 showBarNTP=1
2026-08-07 08:06:26.923: [INFO] CurrentProfilePath: C:\Users\91636\Spring-workspace\.metadata\.plugins\org.eclipse.swt\EBWebView\Default
2026-08-07 08:06:26.923: [INFO] Profiles total count: 1
2026-08-07 08:06:26.923: [INFO] Profile: name=Profile 1 path=C:\Users\91636\Spring-workspace\.metadata\.plugins\org.eclipse.swt\EBWebView\Default lastActive=2026-08-05T11:37:04.760Z
2026-08-07 08:06:26.924: [INFO] LastUsedProfileDir: C:\Users\91636\Spring-workspace\.metadata\.plugins\org.eclipse.swt\EBWebView\Default
2026-08-07 08:06:26.924: [INFO] MostRecentlyActiveProfile: name=Profile 1 path=C:\Users\91636\Spring-workspace\.metadata\.plugins\org.eclipse.swt\EBWebView\Default lastActive=2026-08-05T11:37:04.760Z
2026-08-07 08:06:26.924: [INFO] OnDoneLoading sync enabled: 0
2026-08-07 08:06:26.924: [INFO] BookmarkModelLoaded, ids_reassigned: 0
2026-08-07 08:06:26.924: [INFO] BookmarksLoadDropped droppedNodes=0
2026-08-07 08:06:26.924: [INFO] BookmarksSnapshot Startup total=0 bar=0 other=0 mobile=0 showBar=0 showBarNTP=1
2026-08-07 17:28:00.838: [INFO] BookmarksSnapshot Shutdown total=0 bar=0 other=0 mobile=0 showBar=0 showBarNTP=1
2026-08-08 07:23:57.313: [INFO] CurrentProfilePath: C:\Users\91636\Spring-workspace\.metadata\.plugins\org.eclipse.swt\EBWebView\Default
2026-08-08 07:23:57.313: [INFO] Profiles total count: 1
2026-08-08 07:23:57.314: [INFO] Profile: name=Profile 1 path=C:\Users\91636\Spring-workspace\.metadata\.plugins\org.eclipse.swt\EBWebView\Default lastActive=2026-08-07T08:06:35.417Z
2026-08-08 07:23:57.314: [INFO] LastUsedProfileDir: C:\Users\91636\Spring-workspace\.metadata\.plugins\org.eclipse.swt\EBWebView\Default
2026-08-08 07:23:57.314: [INFO] MostRecentlyActiveProfile: name=Profile 1 path=C:\Users\91636\Spring-workspace\.metadata\.plugins\org.eclipse.swt\EBWebView\Default lastActive=2026-08-07T08:06:35.417Z
2026-08-08 07:23:57.314: [INFO] OnDoneLoading sync enabled: 0
2026-08-08 07:23:57.314: [INFO] BookmarkModelLoaded, ids_reassigned: 0
2026-08-08 07:23:57.314: [INFO] BookmarksLoadDropped droppedNodes=0
2026-08-08 07:23:57.314: [INFO] BookmarksSnapshot Startup total=0 bar=0 other=0 mobile=0 showBar=0 showBarNTP=1
2026-08-08 07:24:14.178: [INFO] BookmarksSnapshot Shutdown total=0 bar=0 other=0 mobile=0 showBar=0 showBarNTP=1
2026-08-08 07:26:05.630: [INFO] CurrentProfilePath: C:\Users\91636\Spring-workspace\.metadata\.plugins\org.eclipse.swt\EBWebView\Default
2026-08-08 07:26:05.630: [INFO] Profiles total count: 1
2026-08-08 07:26:05.630: [INFO] Profile: name=Profile 1 path=C:\Users\91636\Spring-workspace\.metadata\.plugins\org.eclipse.swt\EBWebView\Default lastActive=2026-08-08T07:24:13.351Z
2026-08-08 07:26:05.630: [INFO] LastUsedProfileDir: C:\Users\91636\Spring-workspace\.metadata\.plugins\org.eclipse.swt\EBWebView\Default
2026-08-08 07:26:05.630: [INFO] MostRecentlyActiveProfile: name=Profile 1 path=C:\Users\91636\Spring-workspace\.metadata\.plugins\org.eclipse.swt\EBWebView\Default lastActive=2026-08-08T07:24:13.351Z
2026-08-08 07:26:05.630: [INFO] OnDoneLoading sync enabled: 0
2026-08-08 07:26:05.630: [INFO] BookmarkModelLoaded, ids_reassigned: 0
2026-08-08 07:26:05.630: [INFO] BookmarksLoadDropped droppedNodes=0
2026-08-08 07:26:05.630: [INFO] BookmarksSnapshot Startup total=0 bar=0 other=0 mobile=0 showBar=0 showBarNTP=1
2026-08-08 07:26:11.568: [INFO] BookmarksSnapshot Shutdown total=0 bar=0 other=0 mobile=0 showBar=0 showBarNTP=1
2026-08-08 07:28:21.136: [INFO] CurrentProfilePath: C:\Users\91636\Spring-workspace\.metadata\.plugins\org.eclipse.swt\EBWebView\Default
2026-08-08 07:28:21.136: [INFO] Profiles total count: 1
2026-08-08 07:28:21.137: [INFO] Profile: name=Profile 1 path=C:\Users\91636\Spring-workspace\.metadata\.plugins\org.eclipse.swt\EBWebView\Default lastActive=2026-08-08T07:26:10.919Z
2026-08-08 07:28:21.137: [INFO] LastUsedProfileDir: C:\Users\91636\Spring-workspace\.metadata\.plugins\org.eclipse.swt\EBWebView\Default
2026-08-08 07:28:21.137: [INFO] MostRecentlyActiveProfile: name=Profile 1 path=C:\Users\91636\Spring-workspace\.metadata\.plugins\org.eclipse.swt\EBWebView\Default lastActive=2026-08-08T07:26:10.919Z
2026-08-08 07:28:21.137: [INFO] OnDoneLoading sync enabled: 0
2026-08-08 07:28:21.137: [INFO] BookmarkModelLoaded, ids_reassigned: 0
2026-08-08 07:28:21.137: [INFO] BookmarksLoadDropped droppedNodes=0
2026-08-08 07:28:21.137: [INFO] BookmarksSnapshot Startup total=0 bar=0 other=0 mobile=0 showBar=0 showBarNTP=1
2026-08-08 07:28:23.774: [INFO] BookmarksSnapshot Shutdown total=0 bar=0 other=0 mobile=0 showBar=0 showBarNTP=1
2026-08-08 07:30:22.557: [INFO] CurrentProfilePath: C:\Users\91636\Spring-workspace\.metadata\.plugins\org.eclipse.swt\EBWebView\Default
2026-08-08 07:30:22.557: [INFO] Profiles total count: 1
2026-08-08 07:30:22.557: [INFO] Profile: name=Profile 1 path=C:\Users\91636\Spring-workspace\.metadata\.plugins\org.eclipse.swt\EBWebView\Default lastActive=2026-08-08T07:28:23.455Z
2026-08-08 07:30:22.557: [INFO] LastUsedProfileDir: C:\Users\91636\Spring-workspace\.metadata\.plugins\org.eclipse.swt\EBWebView\Default
2026-08-08 07:30:22.557: [INFO] MostRecentlyActiveProfile: name=Profile 1 path=C:\Users\91636\Spring-workspace\.metadata\.plugins\org.eclipse.swt\EBWebView\Default lastActive=2026-08-08T07:28:23.455Z
2026-08-08 07:30:22.557: [INFO] OnDoneLoading sync enabled: 0
2026-08-08 07:30:22.557: [INFO] BookmarkModelLoaded, ids_reassigned: 0
2026-08-08 07:30:22.557: [INFO] BookmarksLoadDropped droppedNodes=0
2026-08-08 07:30:22.558: [INFO] BookmarksSnapshot Startup total=0 bar=0 other=0 mobile=0 showBar=0 showBarNTP=1
2026-08-08 07:33:43.703: [INFO] BookmarksSnapshot Shutdown total=0 bar=0 other=0 mobile=0 showBar=0 showBarNTP=1
2026-08-08 07:34:12.784: [INFO] CurrentProfilePath: C:\Users\91636\Spring-workspace\.metadata\.plugins\org.eclipse.swt\EBWebView\Default
2026-08-08 07:34:12.784: [INFO] Profiles total count: 1
2026-08-08 07:34:12.785: [INFO] Profile: name=Profile 1 path=C:\Users\91636\Spring-workspace\.metadata\.plugins\org.eclipse.swt\EBWebView\Default lastActive=2026-08-08T07:33:42.714Z
2026-08-08 07:34:12.785: [INFO] LastUsedProfileDir: C:\Users\91636\Spring-workspace\.metadata\.plugins\org.eclipse.swt\EBWebView\Default
2026-08-08 07:34:12.785: [INFO] MostRecentlyActiveProfile: name=Profile 1 path=C:\Users\91636\Spring-workspace\.metadata\.plugins\org.eclipse.swt\EBWebView\Default lastActive=2026-08-08T07:33:42.714Z
2026-08-08 07:34:12.785: [INFO] OnDoneLoading sync enabled: 0
2026-08-08 07:34:12.785: [INFO] BookmarkModelLoaded, ids_reassigned: 0
2026-08-08 07:34:12.785: [INFO] BookmarksLoadDropped droppedNodes=0
2026-08-08 07:34:12.785: [INFO] BookmarksSnapshot Startup total=0 bar=0 other=0 mobile=0 showBar=0 showBarNTP=1
2026-08-08 07:34:12.936: [INFO] BookmarksSnapshot Shutdown total=0 bar=0 other=0 mobile=0 showBar=0 showBarNTP=1
2026-08-08 07:35:30.066: [INFO] CurrentProfilePath: C:\Users\91636\Spring-workspace\.metadata\.plugins\org.eclipse.swt\EBWebView\Default
2026-08-08 07:35:30.066: [INFO] Profiles total count: 1
2026-08-08 07:35:30.067: [INFO] Profile: name=Profile 1 path=C:\Users\91636\Spring-workspace\.metadata\.plugins\org.eclipse.swt\EBWebView\Default lastActive=2026-08-08T07:33:42.714Z
2026-08-08 07:35:30.067: [INFO] LastUsedProfileDir: C:\Users\91636\Spring-workspace\.metadata\.plugins\org.eclipse.swt\EBWebView\Default
2026-08-08 07:35:30.067: [INFO] MostRecentlyActiveProfile: name=Profile 1 path=C:\Users\91636\Spring-workspace\.metadata\.plugins\org.eclipse.swt\EBWebView\Default lastActive=2026-08-08T07:33:42.714Z
2026-08-08 07:35:30.067: [INFO] OnDoneLoading sync enabled: 0
2026-08-08 07:35:30.067: [INFO] BookmarkModelLoaded, ids_reassigned: 0
2026-08-08 07:35:30.067: [INFO] BookmarksLoadDropped droppedNodes=0
2026-08-08 07:35:30.067: [INFO] BookmarksSnapshot Startup total=0 bar=0 other=0 mobile=0 showBar=0 showBarNTP=1
2026-08-08 07:36:24.736: [INFO] BookmarksSnapshot Shutdown total=0 bar=0 other=0 mobile=0 showBar=0 showBarNTP=1
2026-08-08 07:37:03.811: [INFO] CurrentProfilePath: C:\Users\91636\Spring-workspace\.metadata\.plugins\org.eclipse.swt\EBWebView\Default
2026-08-08 07:37:03.811: [INFO] Profiles total count: 1
2026-08-08 07:37:03.811: [INFO] Profile: name=Profile 1 path=C:\Users\91636\Spring-workspace\.metadata\.plugins\org.eclipse.swt\EBWebView\Default lastActive=2026-08-08T07:33:42.714Z
2026-08-08 07:37:03.811: [INFO] LastUsedProfileDir: C:\Users\91636\Spring-workspace\.metadata\.plugins\org.eclipse.swt\EBWebView\Default
2026-08-08 07:37:03.811: [INFO] MostRecentlyActiveProfile: name=Profile 1 path=C:\Users\91636\Spring-workspace\.metadata\.plugins\org.eclipse.swt\EBWebView\Default lastActive=2026-08-08T07:33:42.714Z
2026-08-08 07:37:03.811: [INFO] OnDoneLoading sync enabled: 0
2026-08-08 07:37:03.811: [INFO] BookmarkModelLoaded, ids_reassigned: 0
2026-08-08 07:37:03.811: [INFO] BookmarksLoadDropped droppedNodes=0
2026-08-08 07:37:03.811: [INFO] BookmarksSnapshot Startup total=0 bar=0 other=0 mobile=0 showBar=0 showBarNTP=1
2026-08-08 07:37:07.755: [INFO] BookmarksSnapshot Shutdown total=0 bar=0 other=0 mobile=0 showBar=0 showBarNTP=1
2026-08-08 09:22:51.780: [INFO] CurrentProfilePath: C:\Users\91636\Spring-workspace\.metadata\.plugins\org.eclipse.swt\EBWebView\Default
2026-08-08 09:22:51.780: [INFO] Profiles total count: 1
2026-08-08 09:22:51.781: [INFO] Profile: name=Profile 1 path=C:\Users\91636\Spring-workspace\.metadata\.plugins\org.eclipse.swt\EBWebView\Default lastActive=2026-08-08T09:18:18.715Z
2026-08-08 09:22:51.781: [INFO] LastUsedProfileDir: C:\Users\91636\Spring-workspace\.metadata\.plugins\org.eclipse.swt\EBWebView\Default
2026-08-08 09:22:51.781: [INFO] MostRecentlyActiveProfile: name=Profile 1 path=C:\Users\91636\Spring-workspace\.metadata\.plugins\org.eclipse.swt\EBWebView\Default lastActive=2026-08-08T09:18:18.715Z
2026-08-08 09:22:51.781: [INFO] OnDoneLoading sync enabled: 0
2026-08-08 09:22:51.781: [INFO] BookmarkModelLoaded, ids_reassigned: 0
2026-08-08 09:22:51.781: [INFO] BookmarksLoadDropped droppedNodes=0
2026-08-08 09:22:51.781: [INFO] BookmarksSnapshot Startup total=0 bar=0 other=0 mobile=0 showBar=0 showBarNTP=1
2026-08-08 09:28:25.402: [INFO] BookmarksSnapshot Shutdown total=0 bar=0 other=0 mobile=0 showBar=0 showBarNTP=1
2026-08-08 09:29:13.889: [INFO] CurrentProfilePath: C:\Users\91636\Spring-workspace\.metadata\.plugins\org.eclipse.swt\EBWebView\Default
2026-08-08 09:29:13.889: [INFO] Profiles total count: 1
2026-08-08 09:29:13.889: [INFO] Profile: name=Profile 1 path=C:\Users\91636\Spring-workspace\.metadata\.plugins\org.eclipse.swt\EBWebView\Default lastActive=2026-08-08T09:23:07.771Z
2026-08-08 09:29:13.889: [INFO] LastUsedProfileDir: C:\Users\91636\Spring-workspace\.metadata\.plugins\org.eclipse.swt\EBWebView\Default
2026-08-08 09:29:13.889: [INFO] MostRecentlyActiveProfile: name=Profile 1 path=C:\Users\91636\Spring-workspace\.metadata\.plugins\org.eclipse.swt\EBWebView\Default lastActive=2026-08-08T09:23:07.771Z
2026-08-08 09:29:13.889: [INFO] OnDoneLoading sync enabled: 0
2026-08-08 09:29:13.889: [INFO] BookmarkModelLoaded, ids_reassigned: 0
2026-08-08 09:29:13.889: [INFO] BookmarksLoadDropped droppedNodes=0
2026-08-08 09:29:13.889: [INFO] BookmarksSnapshot Startup total=0 bar=0 other=0 mobile=0 showBar=0 showBarNTP=1
2026-08-08 09:29:41.303: [INFO] BookmarksSnapshot Shutdown total=0 bar=0 other=0 mobile=0 showBar=0 showBarNTP=1
2026-08-08 09:30:45.496: [INFO] CurrentProfilePath: C:\Users\91636\Spring-workspace\.metadata\.plugins\org.eclipse.swt\EBWebView\Default
2026-08-08 09:30:45.496: [INFO] Profiles total count: 1
2026-08-08 09:30:45.496: [INFO] Profile: name=Profile 1 path=C:\Users\91636\Spring-workspace\.metadata\.plugins\org.eclipse.swt\EBWebView\Default lastActive=2026-08-08T09:29:40.936Z
2026-08-08 09:30:45.496: [INFO] LastUsedProfileDir: C:\Users\91636\Spring-workspace\.metadata\.plugins\org.eclipse.swt\EBWebView\Default
2026-08-08 09:30:45.496: [INFO] MostRecentlyActiveProfile: name=Profile 1 path=C:\Users\91636\Spring-workspace\.metadata\.plugins\org.eclipse.swt\EBWebView\Default lastActive=2026-08-08T09:29:40.936Z
2026-08-08 09:30:45.496: [INFO] OnDoneLoading sync enabled: 0
2026-08-08 09:30:45.496: [INFO] BookmarkModelLoaded, ids_reassigned: 0
2026-08-08 09:30:45.496: [INFO] BookmarksLoadDropped droppedNodes=0
2026-08-08 09:30:45.496: [INFO] BookmarksSnapshot Startup total=0 bar=0 other=0 mobile=0 showBar=0 showBarNTP=1
2026-08-08 09:31:04.153: [INFO] BookmarksSnapshot Shutdown total=0 bar=0 other=0 mobile=0 showBar=0 showBarNTP=1
2026-08-08 09:33:39.083: [INFO] CurrentProfilePath: C:\Users\91636\Spring-workspace\.metadata\.plugins\org.eclipse.swt\EBWebView\Default
2026-08-08 09:33:39.084: [INFO] Profiles total count: 1
2026-08-08 09:33:39.084: [INFO] Profile: name=Profile 1 path=C:\Users\91636\Spring-workspace\.metadata\.plugins\org.eclipse.swt\EBWebView\Default lastActive=2026-08-08T09:30:59.110Z
2026-08-08 09:33:39.084: [INFO] LastUsedProfileDir: C:\Users\91636\Spring-workspace\.metadata\.plugins\org.eclipse.swt\EBWebView\Default
2026-08-08 09:33:39.084: [INFO] MostRecentlyActiveProfile: name=Profile 1 path=C:\Users\91636\Spring-workspace\.metadata\.plugins\org.eclipse.swt\EBWebView\Default lastActive=2026-08-08T09:30:59.110Z
2026-08-08 09:33:39.084: [INFO] OnDoneLoading sync enabled: 0
2026-08-08 09:33:39.084: [INFO] BookmarkModelLoaded, ids_reassigned: 0
2026-08-08 09:33:39.084: [INFO] BookmarksLoadDropped droppedNodes=0
2026-08-08 09:33:39.084: [INFO] BookmarksSnapshot Startup total=0 bar=0 other=0 mobile=0 showBar=0 showBarNTP=1
2026-08-08 09:41:49.408: [INFO] BookmarksSnapshot Shutdown total=0 bar=0 other=0 mobile=0 showBar=0 showBarNTP=1
2026-08-08 09:50:55.910: [INFO] CurrentProfilePath: C:\Users\91636\Spring-workspace\.metadata\.plugins\org.eclipse.swt\EBWebView\Default
2026-08-08 09:50:55.910: [INFO] Profiles total count: 1
2026-08-08 09:50:55.911: [INFO] Profile: name=Profile 1 path=C:\Users\91636\Spring-workspace\.metadata\.plugins\org.eclipse.swt\EBWebView\Default lastActive=2026-08-08T09:30:59.110Z
2026-08-08 09:50:55.911: [INFO] LastUsedProfileDir: C:\Users\91636\Spring-workspace\.metadata\.plugins\org.eclipse.swt\EBWebView\Default
2026-08-08 09:50:55.911: [INFO] MostRecentlyActiveProfile: name=Profile 1 path=C:\Users\91636\Spring-workspace\.metadata\.plugins\org.eclipse.swt\EBWebView\Default lastActive=2026-08-08T09:30:59.110Z
2026-08-08 09:50:55.911: [INFO] OnDoneLoading sync enabled: 0
2026-08-08 09:50:55.911: [INFO] BookmarkModelLoaded, ids_reassigned: 0
2026-08-08 09:50:55.911: [INFO] BookmarksLoadDropped droppedNodes=0
2026-08-08 09:50:55.911: [INFO] BookmarksSnapshot Startup total=0 bar=0 other=0 mobile=0 showBar=0 showBarNTP=1
2026-08-08 09:50:56.015: [INFO] BookmarksSnapshot Shutdown total=0 bar=0 other=0 mobile=0 showBar=0 showBarNTP=1
2026-08-08 09:56:29.835: [INFO] CurrentProfilePath: C:\Users\91636\Spring-workspace\.metadata\.plugins\org.eclipse.swt\EBWebView\Default
2026-08-08 09:56:29.835: [INFO] Profiles total count: 1
2026-08-08 09:56:29.836: [INFO] Profile: name=Profile 1 path=C:\Users\91636\Spring-workspace\.metadata\.plugins\org.eclipse.swt\EBWebView\Default lastActive=2026-08-08T09:30:59.110Z
2026-08-08 09:56:29.836: [INFO] LastUsedProfileDir: C:\Users\91636\Spring-workspace\.metadata\.plugins\org.eclipse.swt\EBWebView\Default
2026-08-08 09:56:29.836: [INFO] MostRecentlyActiveProfile: name=Profile 1 path=C:\Users\91636\Spring-workspace\.metadata\.plugins\org.eclipse.swt\EBWebView\Default lastActive=2026-08-08T09:30:59.110Z
2026-08-08 09:56:29.836: [INFO] OnDoneLoading sync enabled: 0
2026-08-08 09:56:29.836: [INFO] BookmarkModelLoaded, ids_reassigned: 0
2026-08-08 09:56:29.836: [INFO] BookmarksLoadDropped droppedNodes=0
2026-08-08 09:56:29.836: [INFO] BookmarksSnapshot Startup total=0 bar=0 other=0 mobile=0 showBar=0 showBarNTP=1
2026-08-08 09:59:38.344: [INFO] BookmarksSnapshot Shutdown total=0 bar=0 other=0 mobile=0 showBar=0 showBarNTP=1
2026-08-08 10:01:56.633: [INFO] CurrentProfilePath: C:\Users\91636\Spring-workspace\.metadata\.plugins\org.eclipse.swt\EBWebView\Default
2026-08-08 10:01:56.633: [INFO] Profiles total count: 1
2026-08-08 10:01:56.633: [INFO] Profile: name=Profile 1 path=C:\Users\91636\Spring-workspace\.metadata\.plugins\org.eclipse.swt\EBWebView\Default lastActive=2026-08-08T09:30:59.110Z
2026-08-08 10:01:56.633: [INFO] LastUsedProfileDir: C:\Users\91636\Spring-workspace\.metadata\.plugins\org.eclipse.swt\EBWebView\Default
2026-08-08 10:01:56.633: [INFO] MostRecentlyActiveProfile: name=Profile 1 path=C:\Users\91636\Spring-workspace\.metadata\.plugins\org.eclipse.swt\EBWebView\Default lastActive=2026-08-08T09:30:59.110Z
2026-08-08 10:01:56.633: [INFO] OnDoneLoading sync enabled: 0
2026-08-08 10:01:56.633: [INFO] BookmarkModelLoaded, ids_reassigned: 0
2026-08-08 10:01:56.633: [INFO] BookmarksLoadDropped droppedNodes=0
2026-08-08 10:01:56.633: [INFO] BookmarksSnapshot Startup total=0 bar=0 other=0 mobile=0 showBar=0 showBarNTP=1
2026-08-08 10:02:51.872: [INFO] BookmarksSnapshot Shutdown total=0 bar=0 other=0 mobile=0 showBar=0 showBarNTP=1
2026-08-08 10:06:50.441: [INFO] CurrentProfilePath: C:\Users\91636\Spring-workspace\.metadata\.plugins\org.eclipse.swt\EBWebView\Default
2026-08-08 10:06:50.441: [INFO] Profiles total count: 1
2026-08-08 10:06:50.442: [INFO] Profile: name=Profile 1 path=C:\Users\91636\Spring-workspace\.metadata\.plugins\org.eclipse.swt\EBWebView\Default lastActive=2026-08-08T09:30:59.110Z
2026-08-08 10:06:50.442: [INFO] LastUsedProfileDir: C:\Users\91636\Spring-workspace\.metadata\.plugins\org.eclipse.swt\EBWebView\Default
2026-08-08 10:06:50.442: [INFO] MostRecentlyActiveProfile: name=Profile 1 path=C:\Users\91636\Spring-workspace\.metadata\.plugins\org.eclipse.swt\EBWebView\Default lastActive=2026-08-08T09:30:59.110Z
2026-08-08 10:06:50.442: [INFO] OnDoneLoading sync enabled: 0
2026-08-08 10:06:50.442: [INFO] BookmarkModelLoaded, ids_reassigned: 0
2026-08-08 10:06:50.442: [INFO] BookmarksLoadDropped droppedNodes=0
2026-08-08 10:06:50.442: [INFO] BookmarksSnapshot Startup total=0 bar=0 other=0 mobile=0 showBar=0 showBarNTP=1
2026-08-08 10:06:50.569: [INFO] BookmarksSnapshot Shutdown total=0 bar=0 other=0 mobile=0 showBar=0 showBarNTP=1
2026-08-08 10:06:51.298: [INFO] CurrentProfilePath: C:\Users\91636\Spring-workspace\.metadata\.plugins\org.eclipse.swt\EBWebView\Default
2026-08-08 10:06:51.298: [INFO] Profiles total count: 1
2026-08-08 10:06:51.299: [INFO] Profile: name=Profile 1 path=C:\Users\91636\Spring-workspace\.metadata\.plugins\org.eclipse.swt\EBWebView\Default lastActive=2026-08-08T09:30:59.110Z
2026-08-08 10:06:51.299: [INFO] LastUsedProfileDir: C:\Users\91636\Spring-workspace\.metadata\.plugins\org.eclipse.swt\EBWebView\Default
2026-08-08 10:06:51.299: [INFO] MostRecentlyActiveProfile: name=Profile 1 path=C:\Users\91636\Spring-workspace\.metadata\.plugins\org.eclipse.swt\EBWebView\Default lastActive=2026-08-08T09:30:59.110Z
2026-08-08 10:06:51.299: [INFO] OnDoneLoading sync enabled: 0
2026-08-08 10:06:51.299: [INFO] BookmarkModelLoaded, ids_reassigned: 0
2026-08-08 10:06:51.299: [INFO] BookmarksLoadDropped droppedNodes=0
2026-08-08 10:06:51.299: [INFO] BookmarksSnapshot Startup total=0 bar=0 other=0 mobile=0 showBar=0 showBarNTP=1
2026-08-08 10:07:35.677: [INFO] BookmarksSnapshot Shutdown total=0 bar=0 other=0 mobile=0 showBar=0 showBarNTP=1
2026-08-08 10:07:43.238: [INFO] CurrentProfilePath: C:\Users\91636\Spring-workspace\.metadata\.plugins\org.eclipse.swt\EBWebView\Default
2026-08-08 10:07:43.238: [INFO] Profiles total count: 1
2026-08-08 10:07:43.238: [INFO] Profile: name=Profile 1 path=C:\Users\91636\Spring-workspace\.metadata\.plugins\org.eclipse.swt\EBWebView\Default lastActive=2026-08-08T09:30:59.110Z
2026-08-08 10:07:43.238: [INFO] LastUsedProfileDir: C:\Users\91636\Spring-workspace\.metadata\.plugins\org.eclipse.swt\EBWebView\Default
2026-08-08 10:07:43.238: [INFO] MostRecentlyActiveProfile: name=Profile 1 path=C:\Users\91636\Spring-workspace\.metadata\.plugins\org.eclipse.swt\EBWebView\Default lastActive=2026-08-08T09:30:59.110Z
2026-08-08 10:07:43.238: [INFO] OnDoneLoading sync enabled: 0
2026-08-08 10:07:43.238: [INFO] BookmarkModelLoaded, ids_reassigned: 0
2026-08-08 10:07:43.238: [INFO] BookmarksLoadDropped droppedNodes=0
2026-08-08 10:07:43.238: [INFO] BookmarksSnapshot Startup total=0 bar=0 other=0 mobile=0 showBar=0 showBarNTP=1
2026-08-08 10:08:29.482: [INFO] BookmarksSnapshot Shutdown total=0 bar=0 other=0 mobile=0 showBar=0 showBarNTP=1
2026-08-08 10:09:38.262: [INFO] CurrentProfilePath: C:\Users\91636\Spring-workspace\.metadata\.plugins\org.eclipse.swt\EBWebView\Default
2026-08-08 10:09:38.262: [INFO] Profiles total count: 1
2026-08-08 10:09:38.262: [INFO] Profile: name=Profile 1 path=C:\Users\91636\Spring-workspace\.metadata\.plugins\org.eclipse.swt\EBWebView\Default lastActive=2026-08-08T09:30:59.110Z
2026-08-08 10:09:38.262: [INFO] LastUsedProfileDir: C:\Users\91636\Spring-workspace\.metadata\.plugins\org.eclipse.swt\EBWebView\Default
2026-08-08 10:09:38.262: [INFO] MostRecentlyActiveProfile: name=Profile 1 path=C:\Users\91636\Spring-workspace\.metadata\.plugins\org.eclipse.swt\EBWebView\Default lastActive=2026-08-08T09:30:59.110Z
2026-08-08 10:09:38.262: [INFO] OnDoneLoading sync enabled: 0
2026-08-08 10:09:38.262: [INFO] BookmarkModelLoaded, ids_reassigned: 0
2026-08-08 10:09:38.262: [INFO] BookmarksLoadDropped droppedNodes=0
2026-08-08 10:09:38.262: [INFO] BookmarksSnapshot Startup total=0 bar=0 other=0 mobile=0 showBar=0 showBarNTP=1
2026-08-08 10:09:58.538: [INFO] BookmarksSnapshot Shutdown total=0 bar=0 other=0 mobile=0 showBar=0 showBarNTP=1
2026-08-08 17:33:04.747: [INFO] CurrentProfilePath: C:\Users\91636\Spring-workspace\.metadata\.plugins\org.eclipse.swt\EBWebView\Default
2026-08-08 17:33:04.748: [INFO] Profiles total count: 1
2026-08-08 17:33:04.748: [INFO] Profile: name=Profile 1 path=C:\Users\91636\Spring-workspace\.metadata\.plugins\org.eclipse.swt\EBWebView\Default lastActive=2026-08-08T09:30:59.110Z
2026-08-08 17:33:04.748: [INFO] LastUsedProfileDir: C:\Users\91636\Spring-workspace\.metadata\.plugins\org.eclipse.swt\EBWebView\Default
2026-08-08 17:33:04.748: [INFO] MostRecentlyActiveProfile: name=Profile 1 path=C:\Users\91636\Spring-workspace\.metadata\.plugins\org.eclipse.swt\EBWebView\Default lastActive=2026-08-08T09:30:59.110Z
2026-08-08 17:33:04.748: [INFO] OnDoneLoading sync enabled: 0
2026-08-08 17:33:04.748: [INFO] BookmarkModelLoaded, ids_reassigned: 0
2026-08-08 17:33:04.748: [INFO] BookmarksLoadDropped droppedNodes=0
2026-08-08 17:33:04.748: [INFO] BookmarksSnapshot Startup total=0 bar=0 other=0 mobile=0 showBar=0 showBarNTP=1
2026-08-08 17:33:26.549: [INFO] BookmarksSnapshot Shutdown total=0 bar=0 other=0 mobile=0 showBar=0 showBarNTP=1
2026-08-08 17:33:58.611: [INFO] CurrentProfilePath: C:\Users\91636\Spring-workspace\.metadata\.plugins\org.eclipse.swt\EBWebView\Default
2026-08-08 17:33:58.611: [INFO] Profiles total count: 1
2026-08-08 17:33:58.611: [INFO] Profile: name=Profile 1 path=C:\Users\91636\Spring-workspace\.metadata\.plugins\org.eclipse.swt\EBWebView\Default lastActive=2026-08-08T09:30:59.110Z
2026-08-08 17:33:58.611: [INFO] LastUsedProfileDir: C:\Users\91636\Spring-workspace\.metadata\.plugins\org.eclipse.swt\EBWebView\Default
2026-08-08 17:33:58.611: [INFO] MostRecentlyActiveProfile: name=Profile 1 path=C:\Users\91636\Spring-workspace\.metadata\.plugins\org.eclipse.swt\EBWebView\Default lastActive=2026-08-08T09:30:59.110Z
2026-08-08 17:33:58.611: [INFO] OnDoneLoading sync enabled: 0
2026-08-08 17:33:58.611: [INFO] BookmarkModelLoaded, ids_reassigned: 0
2026-08-08 17:33:58.611: [INFO] BookmarksLoadDropped droppedNodes=0
2026-08-08 17:33:58.611: [INFO] BookmarksSnapshot Startup total=0 bar=0 other=0 mobile=0 showBar=0 showBarNTP=1
2026-08-08 17:37:16.591: [INFO] BookmarksSnapshot Shutdown total=0 bar=0 other=0 mobile=0 showBar=0 showBarNTP=1
2026-08-09 11:40:57.706: [INFO] CurrentProfilePath: C:\Users\91636\Spring-workspace\.metadata\.plugins\org.eclipse.swt\EBWebView\Default
2026-08-09 11:40:57.706: [INFO] Profiles total count: 1
2026-08-09 11:40:57.707: [INFO] Profile: name=Profile 1 path=C:\Users\91636\Spring-workspace\.metadata\.plugins\org.eclipse.swt\EBWebView\Default lastActive=2026-08-08T09:30:59.110Z
2026-08-09 11:40:57.707: [INFO] LastUsedProfileDir: C:\Users\91636\Spring-workspace\.metadata\.plugins\org.eclipse.swt\EBWebView\Default
2026-08-09 11:40:57.707: [INFO] MostRecentlyActiveProfile: name=Profile 1 path=C:\Users\91636\Spring-workspace\.metadata\.plugins\org.eclipse.swt\EBWebView\Default lastActive=2026-08-08T09:30:59.110Z
2026-08-09 11:40:57.707: [INFO] OnDoneLoading sync enabled: 0
2026-08-09 11:40:57.707: [INFO] BookmarkModelLoaded, ids_reassigned: 0
2026-08-09 11:40:57.707: [INFO] BookmarksLoadDropped droppedNodes=0
2026-08-09 11:40:57.707: [INFO] BookmarksSnapshot Startup total=0 bar=0 other=0 mobile=0 showBar=0 showBarNTP=1
2026-08-09 13:51:46.032: [INFO] BookmarksSnapshot Shutdown total=0 bar=0 other=0 mobile=0 showBar=0 showBarNTP=1
2026-08-10 13:45:12.141: [INFO] CurrentProfilePath: C:\Users\91636\Spring-workspace\.metadata\.plugins\org.eclipse.swt\EBWebView\Default
2026-08-10 13:45:12.141: [INFO] Profiles total count: 1
2026-08-10 13:45:12.142: [INFO] Profile: name=Profile 1 path=C:\Users\91636\Spring-workspace\.metadata\.plugins\org.eclipse.swt\EBWebView\Default lastActive=2026-08-08T09:30:59.110Z
2026-08-10 13:45:12.142: [INFO] LastUsedProfileDir: C:\Users\91636\Spring-workspace\.metadata\.plugins\org.eclipse.swt\EBWebView\Default
2026-08-10 13:45:12.142: [INFO] MostRecentlyActiveProfile: name=Profile 1 path=C:\Users\91636\Spring-workspace\.metadata\.plugins\org.eclipse.swt\EBWebView\Default lastActive=2026-08-08T09:30:59.110Z
2026-08-10 13:45:12.142: [INFO] OnDoneLoading sync enabled: 0
2026-08-10 13:45:12.142: [INFO] BookmarkModelLoaded, ids_reassigned: 0
2026-08-10 13:45:12.142: [INFO] BookmarksLoadDropped droppedNodes=0
2026-08-10 13:45:12.142: [INFO] BookmarksSnapshot Startup total=0 bar=0 other=0 mobile=0 showBar=0 showBarNTP=1
2026-08-10 13:45:16.104: [INFO] BookmarksSnapshot Shutdown total=0 bar=0 other=0 mobile=0 showBar=0 showBarNTP=1
2026-08-10 13:45:31.152: [INFO] CurrentProfilePath: C:\Users\91636\Spring-workspace\.metadata\.plugins\org.eclipse.swt\EBWebView\Default
2026-08-10 13:45:31.152: [INFO] Profiles total count: 1
2026-08-10 13:45:31.153: [INFO] Profile: name=Profile 1 path=C:\Users\91636\Spring-workspace\.metadata\.plugins\org.eclipse.swt\EBWebView\Default lastActive=2026-08-08T09:30:59.110Z
2026-08-10 13:45:31.153: [INFO] LastUsedProfileDir: C:\Users\91636\Spring-workspace\.metadata\.plugins\org.eclipse.swt\EBWebView\Default
2026-08-10 13:45:31.153: [INFO] MostRecentlyActiveProfile: name=Profile 1 path=C:\Users\91636\Spring-workspace\.metadata\.plugins\org.eclipse.swt\EBWebView\Default lastActive=2026-08-08T09:30:59.110Z
2026-08-10 13:45:31.153: [INFO] OnDoneLoading sync enabled: 0
2026-08-10 13:45:31.153: [INFO] BookmarkModelLoaded, ids_reassigned: 0
2026-08-10 13:45:31.153: [INFO] BookmarksLoadDropped droppedNodes=0
2026-08-10 13:45:31.153: [INFO] BookmarksSnapshot Startup total=0 bar=0 other=0 mobile=0 showBar=0 showBarNTP=1
2026-08-10 13:45:46.652: [INFO] BookmarksSnapshot Shutdown total=0 bar=0 other=0 mobile=0 showBar=0 showBarNTP=1
2026-08-10 13:51:14.682: [INFO] CurrentProfilePath: C:\Users\91636\Spring-workspace\.metadata\.plugins\org.eclipse.swt\EBWebView\Default
2026-08-10 13:51:14.682: [INFO] Profiles total count: 1
2026-08-10 13:51:14.683: [INFO] Profile: name=Profile 1 path=C:\Users\91636\Spring-workspace\.metadata\.plugins\org.eclipse.swt\EBWebView\Default lastActive=2026-08-08T09:30:59.110Z
2026-08-10 13:51:14.683: [INFO] LastUsedProfileDir: C:\Users\91636\Spring-workspace\.metadata\.plugins\org.eclipse.swt\EBWebView\Default
2026-08-10 13:51:14.683: [INFO] MostRecentlyActiveProfile: name=Profile 1 path=C:\Users\91636\Spring-workspace\.metadata\.plugins\org.eclipse.swt\EBWebView\Default lastActive=2026-08-08T09:30:59.110Z
2026-08-10 13:51:14.683: [INFO] OnDoneLoading sync enabled: 0
2026-08-10 13:51:14.683: [INFO] BookmarkModelLoaded, ids_reassigned: 0
2026-08-10 13:51:14.683: [INFO] BookmarksLoadDropped droppedNodes=0
2026-08-10 13:51:14.683: [INFO] BookmarksSnapshot Startup total=0 bar=0 other=0 mobile=0 showBar=0 showBarNTP=1
2026-08-10 16:45:28.404: [INFO] BookmarksSnapshot Shutdown total=0 bar=0 other=0 mobile=0 showBar=0 showBarNTP=1
2026-08-12 15:53:20.030: [INFO] CurrentProfilePath: C:\Users\91636\Spring-workspace\.metadata\.plugins\org.eclipse.swt\EBWebView\Default
2026-08-12 15:53:20.031: [INFO] Profiles total count: 1
2026-08-12 15:53:20.032: [INFO] Profile: name=Profile 1 path=C:\Users\91636\Spring-workspace\.metadata\.plugins\org.eclipse.swt\EBWebView\Default lastActive=2026-08-10T14:10:23.306Z
2026-08-12 15:53:20.032: [INFO] LastUsedProfileDir: C:\Users\91636\Spring-workspace\.metadata\.plugins\org.eclipse.swt\EBWebView\Default
2026-08-12 15:53:20.032: [INFO] MostRecentlyActiveProfile: name=Profile 1 path=C:\Users\91636\Spring-workspace\.metadata\.plugins\org.eclipse.swt\EBWebView\Default lastActive=2026-08-10T14:10:23.306Z
2026-08-12 15:53:20.032: [INFO] OnDoneLoading sync enabled: 0
2026-08-12 15:53:20.032: [INFO] BookmarkModelLoaded, ids_reassigned: 0
2026-08-12 15:53:20.032: [INFO] BookmarksLoadDropped droppedNodes=0
2026-08-12 15:53:20.032: [INFO] BookmarksSnapshot Startup total=0 bar=0 other=0 mobile=0 showBar=0 showBarNTP=1
2026-08-12 18:35:28.215: [INFO] BookmarksSnapshot Shutdown total=0 bar=0 other=0 mobile=0 showBar=0 showBarNTP=1
2026-08-13 13:21:54.220: [INFO] CurrentProfilePath: C:\Users\91636\Spring-workspace\.metadata\.plugins\org.eclipse.swt\EBWebView\Default
2026-08-13 13:21:54.220: [INFO] Profiles total count: 1
2026-08-13 13:21:54.221: [INFO] Profile: name=Profile 1 path=C:\Users\91636\Spring-workspace\.metadata\.plugins\org.eclipse.swt\EBWebView\Default lastActive=2026-08-10T14:10:23.306Z
2026-08-13 13:21:54.221: [INFO] LastUsedProfileDir: C:\Users\91636\Spring-workspace\.metadata\.plugins\org.eclipse.swt\EBWebView\Default
2026-08-13 13:21:54.221: [INFO] MostRecentlyActiveProfile: name=Profile 1 path=C:\Users\91636\Spring-workspace\.metadata\.plugins\org.eclipse.swt\EBWebView\Default lastActive=2026-08-10T14:10:23.306Z
2026-08-13 13:21:54.221: [INFO] OnDoneLoading sync enabled: 0
2026-08-13 13:21:54.221: [INFO] BookmarkModelLoaded, ids_reassigned: 0
2026-08-13 13:21:54.221: [INFO] BookmarksLoadDropped droppedNodes=0
2026-08-13 13:21:54.221: [INFO] BookmarksSnapshot Startup total=0 bar=0 other=0 mobile=0 showBar=0 showBarNTP=1
2026-08-13 13:24:00.821: [INFO] BookmarksSnapshot Shutdown total=0 bar=0 other=0 mobile=0 showBar=0 showBarNTP=1
2026-08-13 13:24:10.291: [INFO] CurrentProfilePath: C:\Users\91636\Spring-workspace\.metadata\.plugins\org.eclipse.swt\EBWebView\Default
2026-08-13 13:24:10.291: [INFO] Profiles total count: 1
2026-08-13 13:24:10.292: [INFO] Profile: name=Profile 1 path=C:\Users\91636\Spring-workspace\.metadata\.plugins\org.eclipse.swt\EBWebView\Default lastActive=2026-08-13T13:22:42.737Z
2026-08-13 13:24:10.292: [INFO] LastUsedProfileDir: C:\Users\91636\Spring-workspace\.metadata\.plugins\org.eclipse.swt\EBWebView\Default
2026-08-13 13:24:10.292: [INFO] MostRecentlyActiveProfile: name=Profile 1 path=C:\Users\91636\Spring-workspace\.metadata\.plugins\org.eclipse.swt\EBWebView\Default lastActive=2026-08-13T13:22:42.737Z
2026-08-13 13:24:10.292: [INFO] OnDoneLoading sync enabled: 0
2026-08-13 13:24:10.292: [INFO] BookmarkModelLoaded, ids_reassigned: 0
2026-08-13 13:24:10.292: [INFO] BookmarksLoadDropped droppedNodes=0
2026-08-13 13:24:10.292: [INFO] BookmarksSnapshot Startup total=0 bar=0 other=0 mobile=0 showBar=0 showBarNTP=1
2026-08-13 13:24:10.431: [INFO] BookmarksSnapshot Shutdown total=0 bar=0 other=0 mobile=0 showBar=0 showBarNTP=1
2026-08-13 13:24:11.278: [INFO] CurrentProfilePath: C:\Users\91636\Spring-workspace\.metadata\.plugins\org.eclipse.swt\EBWebView\Default
2026-08-13 13:24:11.278: [INFO] Profiles total count: 1
2026-08-13 13:24:11.279: [INFO] Profile: name=Profile 1 path=C:\Users\91636\Spring-workspace\.metadata\.plugins\org.eclipse.swt\EBWebView\Default lastActive=2026-08-13T13:22:42.737Z
2026-08-13 13:24:11.279: [INFO] LastUsedProfileDir: C:\Users\91636\Spring-workspace\.metadata\.plugins\org.eclipse.swt\EBWebView\Default
2026-08-13 13:24:11.279: [INFO] MostRecentlyActiveProfile: name=Profile 1 path=C:\Users\91636\Spring-workspace\.metadata\.plugins\org.eclipse.swt\EBWebView\Default lastActive=2026-08-13T13:22:42.737Z
2026-08-13 13:24:11.279: [INFO] OnDoneLoading sync enabled: 0
2026-08-13 13:24:11.279: [INFO] BookmarkModelLoaded, ids_reassigned: 0
2026-08-13 13:24:11.279: [INFO] BookmarksLoadDropped droppedNodes=0
2026-08-13 13:24:11.279: [INFO] BookmarksSnapshot Startup total=0 bar=0 other=0 mobile=0 showBar=0 showBarNTP=1
2026-08-13 13:24:26.476: [INFO] BookmarksSnapshot Shutdown total=0 bar=0 other=0 mobile=0 showBar=0 showBarNTP=1
2026-08-13 13:34:20.710: [INFO] CurrentProfilePath: C:\Users\91636\Spring-workspace\.metadata\.plugins\org.eclipse.swt\EBWebView\Default
2026-08-13 13:34:20.710: [INFO] Profiles total count: 1
2026-08-13 13:34:20.711: [INFO] Profile: name=Profile 1 path=C:\Users\91636\Spring-workspace\.metadata\.plugins\org.eclipse.swt\EBWebView\Default lastActive=2026-08-13T13:22:42.737Z
2026-08-13 13:34:20.711: [INFO] LastUsedProfileDir: C:\Users\91636\Spring-workspace\.metadata\.plugins\org.eclipse.swt\EBWebView\Default
2026-08-13 13:34:20.711: [INFO] MostRecentlyActiveProfile: name=Profile 1 path=C:\Users\91636\Spring-workspace\.metadata\.plugins\org.eclipse.swt\EBWebView\Default lastActive=2026-08-13T13:22:42.737Z
2026-08-13 13:34:20.711: [INFO] OnDoneLoading sync enabled: 0
2026-08-13 13:34:20.711: [INFO] BookmarkModelLoaded, ids_reassigned: 0
2026-08-13 13:34:20.711: [INFO] BookmarksLoadDropped droppedNodes=0
2026-08-13 13:34:20.711: [INFO] BookmarksSnapshot Startup total=0 bar=0 other=0 mobile=0 showBar=0 showBarNTP=1
2026-08-13 18:50:16.050: [INFO] BookmarksSnapshot Shutdown total=0 bar=0 other=0 mobile=0 showBar=0 showBarNTP=1
2026-08-14 18:13:25.537: [INFO] CurrentProfilePath: C:\Users\91636\Spring-workspace\.metadata\.plugins\org.eclipse.swt\EBWebView\Default
2026-08-14 18:13:25.537: [INFO] Profiles total count: 1
2026-08-14 18:13:25.537: [INFO] Profile: name=Profile 1 path=C:\Users\91636\Spring-workspace\.metadata\.plugins\org.eclipse.swt\EBWebView\Default lastActive=2026-08-13T13:22:42.737Z
2026-08-14 18:13:25.537: [INFO] LastUsedProfileDir: C:\Users\91636\Spring-workspace\.metadata\.plugins\org.eclipse.swt\EBWebView\Default
2026-08-14 18:13:25.537: [INFO] MostRecentlyActiveProfile: name=Profile 1 path=C:\Users\91636\Spring-workspace\.metadata\.plugins\org.eclipse.swt\EBWebView\Default lastActive=2026-08-13T13:22:42.737Z
2026-08-14 18:13:25.537: [INFO] OnDoneLoading sync enabled: 0
2026-08-14 18:13:25.537: [INFO] BookmarkModelLoaded, ids_reassigned: 0
2026-08-14 18:13:25.537: [INFO] BookmarksLoadDropped droppedNodes=0
2026-08-14 18:13:25.538: [INFO] BookmarksSnapshot Startup total=0 bar=0 other=0 mobile=0 showBar=0 showBarNTP=1
2026-08-14 18:13:36.776: [INFO] BookmarksSnapshot Shutdown total=0 bar=0 other=0 mobile=0 showBar=0 showBarNTP=1
2026-08-14 18:18:38.774: [INFO] CurrentProfilePath: C:\Users\91636\Spring-workspace\.metadata\.plugins\org.eclipse.swt\EBWebView\Default
2026-08-14 18:18:38.774: [INFO] Profiles total count: 1
2026-08-14 18:18:38.774: [INFO] Profile: name=Profile 1 path=C:\Users\91636\Spring-workspace\.metadata\.plugins\org.eclipse.swt\EBWebView\Default lastActive=2026-08-13T13:22:42.737Z
2026-08-14 18:18:38.774: [INFO] LastUsedProfileDir: C:\Users\91636\Spring-workspace\.metadata\.plugins\org.eclipse.swt\EBWebView\Default
2026-08-14 18:18:38.774: [INFO] MostRecentlyActiveProfile: name=Profile 1 path=C:\Users\91636\Spring-workspace\.metadata\.plugins\org.eclipse.swt\EBWebView\Default lastActive=2026-08-13T13:22:42.737Z
2026-08-14 18:18:38.774: [INFO] OnDoneLoading sync enabled: 0
2026-08-14 18:18:38.774: [INFO] BookmarkModelLoaded, ids_reassigned: 0
2026-08-14 18:18:38.774: [INFO] BookmarksLoadDropped droppedNodes=0
2026-08-14 18:18:38.774: [INFO] BookmarksSnapshot Startup total=0 bar=0 other=0 mobile=0 showBar=0 showBarNTP=1
2026-08-14 18:18:43.781: [INFO] BookmarksSnapshot Shutdown total=0 bar=0 other=0 mobile=0 showBar=0 showBarNTP=1
2026-08-14 18:21:03.817: [INFO] CurrentProfilePath: C:\Users\91636\Spring-workspace\.metadata\.plugins\org.eclipse.swt\EBWebView\Default
2026-08-14 18:21:03.817: [INFO] Profiles total count: 1
2026-08-14 18:21:03.817: [INFO] Profile: name=Profile 1 path=C:\Users\91636\Spring-workspace\.metadata\.plugins\org.eclipse.swt\EBWebView\Default lastActive=2026-08-13T13:22:42.737Z
2026-08-14 18:21:03.817: [INFO] LastUsedProfileDir: C:\Users\91636\Spring-workspace\.metadata\.plugins\org.eclipse.swt\EBWebView\Default
2026-08-14 18:21:03.817: [INFO] MostRecentlyActiveProfile: name=Profile 1 path=C:\Users\91636\Spring-workspace\.metadata\.plugins\org.eclipse.swt\EBWebView\Default lastActive=2026-08-13T13:22:42.737Z
2026-08-14 18:21:03.817: [INFO] OnDoneLoading sync enabled: 0
2026-08-14 18:21:03.817: [INFO] BookmarkModelLoaded, ids_reassigned: 0
2026-08-14 18:21:03.817: [INFO] BookmarksLoadDropped droppedNodes=0
2026-08-14 18:21:03.817: [INFO] BookmarksSnapshot Startup total=0 bar=0 other=0 mobile=0 showBar=0 showBarNTP=1
2026-08-14 18:21:06.468: [INFO] BookmarksSnapshot Shutdown total=0 bar=0 other=0 mobile=0 showBar=0 showBarNTP=1
2026-08-14 18:22:51.153: [INFO] CurrentProfilePath: C:\Users\91636\Spring-workspace\.metadata\.plugins\org.eclipse.swt\EBWebView\Default
2026-08-14 18:22:51.153: [INFO] Profiles total count: 1
2026-08-14 18:22:51.153: [INFO] Profile: name=Profile 1 path=C:\Users\91636\Spring-workspace\.metadata\.plugins\org.eclipse.swt\EBWebView\Default lastActive=2026-08-13T13:22:42.737Z
2026-08-14 18:22:51.153: [INFO] LastUsedProfileDir: C:\Users\91636\Spring-workspace\.metadata\.plugins\org.eclipse.swt\EBWebView\Default
2026-08-14 18:22:51.154: [INFO] MostRecentlyActiveProfile: name=Profile 1 path=C:\Users\91636\Spring-workspace\.metadata\.plugins\org.eclipse.swt\EBWebView\Default lastActive=2026-08-13T13:22:42.737Z
2026-08-14 18:22:51.154: [INFO] OnDoneLoading sync enabled: 0
2026-08-14 18:22:51.154: [INFO] BookmarkModelLoaded, ids_reassigned: 0
2026-08-14 18:22:51.154: [INFO] BookmarksLoadDropped droppedNodes=0
2026-08-14 18:22:51.154: [INFO] BookmarksSnapshot Startup total=0 bar=0 other=0 mobile=0 showBar=0 showBarNTP=1
2026-08-14 18:22:58.008: [INFO] BookmarksSnapshot Shutdown total=0 bar=0 other=0 mobile=0 showBar=0 showBarNTP=1
2026-08-14 18:26:25.784: [INFO] CurrentProfilePath: C:\Users\91636\Spring-workspace\.metadata\.plugins\org.eclipse.swt\EBWebView\Default
2026-08-14 18:26:25.784: [INFO] Profiles total count: 1
2026-08-14 18:26:25.784: [INFO] Profile: name=Profile 1 path=C:\Users\91636\Spring-workspace\.metadata\.plugins\org.eclipse.swt\EBWebView\Default lastActive=2026-08-13T13:22:42.737Z
2026-08-14 18:26:25.784: [INFO] LastUsedProfileDir: C:\Users\91636\Spring-workspace\.metadata\.plugins\org.eclipse.swt\EBWebView\Default
2026-08-14 18:26:25.784: [INFO] MostRecentlyActiveProfile: name=Profile 1 path=C:\Users\91636\Spring-workspace\.metadata\.plugins\org.eclipse.swt\EBWebView\Default lastActive=2026-08-13T13:22:42.737Z
2026-08-14 18:26:25.784: [INFO] OnDoneLoading sync enabled: 0
2026-08-14 18:26:25.784: [INFO] BookmarkModelLoaded, ids_reassigned: 0
2026-08-14 18:26:25.784: [INFO] BookmarksLoadDropped droppedNodes=0
2026-08-14 18:26:25.784: [INFO] BookmarksSnapshot Startup total=0 bar=0 other=0 mobile=0 showBar=0 showBarNTP=1
2026-08-14 18:32:53.701: [INFO] BookmarksSnapshot Shutdown total=0 bar=0 other=0 mobile=0 showBar=0 showBarNTP=1
2026-08-15 10:46:33.082: [INFO] CurrentProfilePath: C:\Users\91636\Spring-workspace\.metadata\.plugins\org.eclipse.swt\EBWebView\Default
2026-08-15 10:46:33.082: [INFO] Profiles total count: 1
2026-08-15 10:46:33.082: [INFO] Profile: name=Profile 1 path=C:\Users\91636\Spring-workspace\.metadata\.plugins\org.eclipse.swt\EBWebView\Default lastActive=2026-08-13T13:22:42.737Z
2026-08-15 10:46:33.082: [INFO] LastUsedProfileDir: C:\Users\91636\Spring-workspace\.metadata\.plugins\org.eclipse.swt\EBWebView\Default
2026-08-15 10:46:33.082: [INFO] MostRecentlyActiveProfile: name=Profile 1 path=C:\Users\91636\Spring-workspace\.metadata\.plugins\org.eclipse.swt\EBWebView\Default lastActive=2026-08-13T13:22:42.737Z
2026-08-15 10:46:33.082: [INFO] OnDoneLoading sync enabled: 0
2026-08-15 10:46:33.082: [INFO] BookmarkModelLoaded, ids_reassigned: 0
2026-08-15 10:46:33.082: [INFO] BookmarksLoadDropped droppedNodes=0
2026-08-15 10:46:33.082: [INFO] BookmarksSnapshot Startup total=0 bar=0 other=0 mobile=0 showBar=0 showBarNTP=1
2026-08-15 10:46:34.881: [INFO] BookmarksSnapshot Shutdown total=0 bar=0 other=0 mobile=0 showBar=0 showBarNTP=1
2026-08-15 10:58:21.622: [INFO] CurrentProfilePath: C:\Users\91636\Spring-workspace\.metadata\.plugins\org.eclipse.swt\EBWebView\Default
2026-08-15 10:58:21.622: [INFO] Profiles total count: 1
2026-08-15 10:58:21.622: [INFO] Profile: name=Profile 1 path=C:\Users\91636\Spring-workspace\.metadata\.plugins\org.eclipse.swt\EBWebView\Default lastActive=2026-08-13T13:22:42.737Z
2026-08-15 10:58:21.622: [INFO] LastUsedProfileDir: C:\Users\91636\Spring-workspace\.metadata\.plugins\org.eclipse.swt\EBWebView\Default
2026-08-15 10:58:21.622: [INFO] MostRecentlyActiveProfile: name=Profile 1 path=C:\Users\91636\Spring-workspace\.metadata\.plugins\org.eclipse.swt\EBWebView\Default lastActive=2026-08-13T13:22:42.737Z
2026-08-15 10:58:21.622: [INFO] OnDoneLoading sync enabled: 0
2026-08-15 10:58:21.622: [INFO] BookmarkModelLoaded, ids_reassigned: 0
2026-08-15 10:58:21.622: [INFO] BookmarksLoadDropped droppedNodes=0
2026-08-15 10:58:21.622: [INFO] BookmarksSnapshot Startup total=0 bar=0 other=0 mobile=0 showBar=0 showBarNTP=1
2026-08-15 18:15:58.331: [INFO] BookmarksSnapshot Shutdown total=0 bar=0 other=0 mobile=0 showBar=0 showBarNTP=1
2026-08-16 09:18:45.734: [INFO] CurrentProfilePath: C:\Users\91636\Spring-workspace\.metadata\.plugins\org.eclipse.swt\EBWebView\Default
2026-08-16 09:18:45.734: [INFO] Profiles total count: 1
2026-08-16 09:18:45.736: [INFO] Profile: name=Profile 1 path=C:\Users\91636\Spring-workspace\.metadata\.plugins\org.eclipse.swt\EBWebView\Default lastActive=2026-08-13T13:22:42.737Z
2026-08-16 09:18:45.736: [INFO] LastUsedProfileDir: C:\Users\91636\Spring-workspace\.metadata\.plugins\org.eclipse.swt\EBWebView\Default
2026-08-16 09:18:45.736: [INFO] MostRecentlyActiveProfile: name=Profile 1 path=C:\Users\91636\Spring-workspace\.metadata\.plugins\org.eclipse.swt\EBWebView\Default lastActive=2026-08-13T13:22:42.737Z
2026-08-16 09:18:45.736: [INFO] OnDoneLoading sync enabled: 0
2026-08-16 09:18:45.736: [INFO] BookmarkModelLoaded, ids_reassigned: 0
2026-08-16 09:18:45.736: [INFO] BookmarksLoadDropped droppedNodes=0
2026-08-16 09:18:45.736: [INFO] BookmarksSnapshot Startup total=0 bar=0 other=0 mobile=0 showBar=0 showBarNTP=1
2026-08-16 09:26:50.690: [INFO] BookmarksSnapshot Shutdown total=0 bar=0 other=0 mobile=0 showBar=0 showBarNTP=1
2026-08-16 09:33:10.417: [INFO] CurrentProfilePath: C:\Users\91636\Spring-workspace\.metadata\.plugins\org.eclipse.swt\EBWebView\Default
2026-08-16 09:33:10.417: [INFO] Profiles total count: 1
2026-08-16 09:33:10.419: [INFO] Profile: name=Profile 1 path=C:\Users\91636\Spring-workspace\.metadata\.plugins\org.eclipse.swt\EBWebView\Default lastActive=2026-08-13T13:22:42.737Z
2026-08-16 09:33:10.419: [INFO] LastUsedProfileDir: C:\Users\91636\Spring-workspace\.metadata\.plugins\org.eclipse.swt\EBWebView\Default
2026-08-16 09:33:10.419: [INFO] MostRecentlyActiveProfile: name=Profile 1 path=C:\Users\91636\Spring-workspace\.metadata\.plugins\org.eclipse.swt\EBWebView\Default lastActive=2026-08-13T13:22:42.737Z
2026-08-16 09:33:10.419: [INFO] OnDoneLoading sync enabled: 0
2026-08-16 09:33:10.419: [INFO] BookmarkModelLoaded, ids_reassigned: 0
2026-08-16 09:33:10.419: [INFO] BookmarksLoadDropped droppedNodes=0
2026-08-16 09:33:10.419: [INFO] BookmarksSnapshot Startup total=0 bar=0 other=0 mobile=0 showBar=0 showBarNTP=1
2026-08-17 18:01:12.789: [INFO] BookmarksSnapshot Shutdown total=0 bar=0 other=0 mobile=0 showBar=0 showBarNTP=1
2026-08-18 10:28:04.550: [INFO] CurrentProfilePath: C:\Users\91636\Spring-workspace\.metadata\.plugins\org.eclipse.swt\EBWebView\Default
2026-08-18 10:28:04.550: [INFO] Profiles total count: 1
2026-08-18 10:28:04.550: [INFO] Profile: name=Profile 1 path=C:\Users\91636\Spring-workspace\.metadata\.plugins\org.eclipse.swt\EBWebView\Default lastActive=2026-08-16T12:47:12.240Z
2026-08-18 10:28:04.550: [INFO] LastUsedProfileDir: C:\Users\91636\Spring-workspace\.metadata\.plugins\org.eclipse.swt\EBWebView\Default
2026-08-18 10:28:04.551: [INFO] MostRecentlyActiveProfile: name=Profile 1 path=C:\Users\91636\Spring-workspace\.metadata\.plugins\org.eclipse.swt\EBWebView\Default lastActive=2026-08-16T12:47:12.240Z
2026-08-18 10:28:04.551: [INFO] OnDoneLoading sync enabled: 0
2026-08-18 10:28:04.551: [INFO] BookmarkModelLoaded, ids_reassigned: 0
2026-08-18 10:28:04.551: [INFO] BookmarksLoadDropped droppedNodes=0
2026-08-18 10:28:04.551: [INFO] BookmarksSnapshot Startup total=0 bar=0 other=0 mobile=0 showBar=0 showBarNTP=1
2026-08-18 13:08:01.586: [INFO] BookmarksSnapshot Shutdown total=0 bar=0 other=0 mobile=0 showBar=0 showBarNTP=1
2026-08-18 13:14:58.651: [INFO] CurrentProfilePath: C:\Users\91636\Spring-workspace\.metadata\.plugins\org.eclipse.swt\EBWebView\Default
2026-08-18 13:14:58.651: [INFO] Profiles total count: 1
2026-08-18 13:14:58.651: [INFO] Profile: name=Profile 1 path=C:\Users\91636\Spring-workspace\.metadata\.plugins\org.eclipse.swt\EBWebView\Default lastActive=2026-08-18T12:14:54.541Z
2026-08-18 13:14:58.651: [INFO] LastUsedProfileDir: C:\Users\91636\Spring-workspace\.metadata\.plugins\org.eclipse.swt\EBWebView\Default
2026-08-18 13:14:58.652: [INFO] MostRecentlyActiveProfile: name=Profile 1 path=C:\Users\91636\Spring-workspace\.metadata\.plugins\org.eclipse.swt\EBWebView\Default lastActive=2026-08-18T12:14:54.541Z
2026-08-18 13:14:58.652: [INFO] OnDoneLoading sync enabled: 0
2026-08-18 13:14:58.652: [INFO] BookmarkModelLoaded, ids_reassigned: 0
2026-08-18 13:14:58.652: [INFO] BookmarksLoadDropped droppedNodes=0
2026-08-18 13:14:58.652: [INFO] BookmarksSnapshot Startup total=0 bar=0 other=0 mobile=0 showBar=0 showBarNTP=1
2026-08-18 18:27:53.597: [INFO] BookmarksSnapshot Shutdown total=0 bar=0 other=0 mobile=0 showBar=0 showBarNTP=1
2026-08-19 08:36:42.826: [INFO] CurrentProfilePath: C:\Users\91636\Spring-workspace\.metadata\.plugins\org.eclipse.swt\EBWebView\Default
2026-08-19 08:36:42.826: [INFO] Profiles total count: 1
2026-08-19 08:36:42.826: [INFO] Profile: name=Profile 1 path=C:\Users\91636\Spring-workspace\.metadata\.plugins\org.eclipse.swt\EBWebView\Default lastActive=2026-08-18T12:14:54.541Z
2026-08-19 08:36:42.826: [INFO] LastUsedProfileDir: C:\Users\91636\Spring-workspace\.metadata\.plugins\org.eclipse.swt\EBWebView\Default
2026-08-19 08:36:42.826: [INFO] MostRecentlyActiveProfile: name=Profile 1 path=C:\Users\91636\Spring-workspace\.metadata\.plugins\org.eclipse.swt\EBWebView\Default lastActive=2026-08-18T12:14:54.541Z
2026-08-19 08:36:42.826: [INFO] OnDoneLoading sync enabled: 0
2026-08-19 08:36:42.826: [INFO] BookmarkModelLoaded, ids_reassigned: 0
2026-08-19 08:36:42.826: [INFO] BookmarksLoadDropped droppedNodes=0
2026-08-19 08:36:42.826: [INFO] BookmarksSnapshot Startup total=0 bar=0 other=0 mobile=0 showBar=0 showBarNTP=1
2026-08-19 13:50:32.426: [INFO] BookmarksSnapshot Shutdown total=0 bar=0 other=0 mobile=0 showBar=0 showBarNTP=1
2026-08-19 14:06:53.280: [INFO] CurrentProfilePath: C:\Users\91636\Spring-workspace\.metadata\.plugins\org.eclipse.swt\EBWebView\Default
2026-08-19 14:06:53.280: [INFO] Profiles total count: 1
2026-08-19 14:06:53.280: [INFO] Profile: name=Profile 1 path=C:\Users\91636\Spring-workspace\.metadata\.plugins\org.eclipse.swt\EBWebView\Default lastActive=2026-08-18T12:14:54.541Z
2026-08-19 14:06:53.280: [INFO] LastUsedProfileDir: C:\Users\91636\Spring-workspace\.metadata\.plugins\org.eclipse.swt\EBWebView\Default
2026-08-19 14:06:53.280: [INFO] MostRecentlyActiveProfile: name=Profile 1 path=C:\Users\91636\Spring-workspace\.metadata\.plugins\org.eclipse.swt\EBWebView\Default lastActive=2026-08-18T12:14:54.541Z
2026-08-19 14:06:53.280: [INFO] OnDoneLoading sync enabled: 0
2026-08-19 14:06:53.280: [INFO] BookmarkModelLoaded, ids_reassigned: 0
2026-08-19 14:06:53.280: [INFO] BookmarksLoadDropped droppedNodes=0
2026-08-19 14:06:53.280: [INFO] BookmarksSnapshot Startup total=0 bar=0 other=0 mobile=0 showBar=0 showBarNTP=1
2026-08-20 13:37:26.427: [INFO] BookmarksSnapshot Shutdown total=0 bar=0 other=0 mobile=0 showBar=0 showBarNTP=1
